// Jest Snapshot v1, https://goo.gl/fbAQLP

exports[`Slide renders correctly 1`] = `
<div>
  <div
    class="slide fadeOut"
  >
    <div
      class="background-wrapper-top"
    >
      <svg
        viewBox="0 0 1520 1080"
        xmlns="http://www.w3.org/2000/svg"
      >
        <g>
          <line
            class="a l1"
            transform="translate(1090 0) rotate(0 217.5 217.5)"
            x2="435"
            y2="435"
          />
          <line
            class="a l2"
            transform="translate(417 0) rotate(0 184.5 184.5)"
            x2="369"
            y2="369"
          />
        </g>
      </svg>
    </div>
    <div
      class="slide-wrapper"
    >
      <div
        class="slide-title"
      >
        <a
          href="/projects/super-theme"
        >
          Super theme
        </a>
      </div>
      <div
        class="moreinfo"
      >
        <button
          class="btn btn-red"
        >
          i
        </button>
        <div
          class="info"
        >
          <p>
            A Moodle theme to end all Moodle themes
          </p>
          <a
            class="project-link uppercase text-white text-xs"
            href="/projects/super-theme"
          >
            View Project
            <svg
              class="inline-block w-4"
              fill="currentColor"
              viewBox="0 0 20 20"
              xmlns="http://www.w3.org/2000/svg"
            >
              <path
                clip-rule="evenodd"
                d="M10.293 3.293a1 1 0 011.414 0l6 6a1 1 0 010 1.414l-6 6a1 1 0 01-1.414-1.414L14.586 11H3a1 1 0 110-2h11.586l-4.293-4.293a1 1 0 010-1.414z"
                fill-rule="evenodd"
              />
            </svg>
          </a>
        </div>
      </div>
    </div>
    <div
      class="background-wrapper-bottom"
    >
      <svg
        viewBox="0 0 1520 1080"
        xmlns="http://www.w3.org/2000/svg"
      >
        <g>
          <path
            class="b b1"
            d="M0,0 l919,919 h-218 l-701,-701 Z"
            transform="translate(0 190) rotate(0 459.5 459.5)"
          />
          <line
            class="a l3"
            transform="translate(0 410) rotate(0 350.5 350.5)"
            x2="701"
            y2="701"
          />
          <line
            class="a l4"
            transform="translate(0 190) rotate(0 460.5 460.5)"
            x2="921"
            y2="921"
          />
          <line
            class="a l5"
            transform="translate(1086 669) rotate(0 205.5 205.5)"
            x2="411"
            y2="411"
          />
          <line
            class="a l6"
            transform="translate(1008 873)"
            x2="207"
            y2="207"
          />
        </g>
      </svg>
    </div>
  </div>
</div>
`;
